Rscript.exe : Cargando paquete requerido: StanHeaders
En línea: 2 Carácter: 1
+ & "C:\Program Files\R\R-4.5.3\bin\Rscript.exe" "Data/rutinas/07_loo_w ...
+ ~~~~~~~~~~~~~~~~~~~~~~~~~~~~~~~~~~~~~~~~~~~~~~~~~~~~~~~~~~~~~~~~~~~~~
    + CategoryInfo          : NotSpecified: (Cargando paquete requerido: StanHeaders:String) [], RemoteException
    + FullyQualifiedErrorId : NativeCommandError
 

rstan version 2.32.7 (Stan version 2.32.2)

For execution on a local, multicore CPU with excess RAM we recommend calling
options(mc.cores = parallel::detectCores()).
To avoid recompilation of unchanged Stan programs, we recommend calling
rstan_options(auto_write = TRUE)
For within-chain threading using `reduce_sum()` or `map_rect()` Stan functions,
change `threads_per_chain` option:
rstan_options(threads_per_chain = 1)

Do not specify '-march=native' in 'LOCAL_CPPFLAGS' or a Makevars file
This is loo version 2.8.0
- Online documentation and vignettes at mc-stan.org/loo
- As of v2.0.0 loo defaults to 1 core but we recommend using as many as possible. Use the 'cores' argument or set 
options(mc.cores = NUM_CORES) for an entire session. 
- Windows 10 users: loo may be very slow if 'mc.cores' is set in your .Rprofile file (see 
https://github.com/stan-dev/loo/issues/94).

Adjuntando el paquete: 'loo'

The following object is masked from 'package:rstan':

    loo

── Attaching core tidyverse packages ──────────────────────── tidyverse 2.0.0 ──
✔ dplyr     1.2.1     ✔ readr     2.1.5
✔ forcats   1.0.0     ✔ stringr   1.6.0
✔ ggplot2   3.5.2     ✔ tibble    3.3.1
✔ lubridate 1.9.4     ✔ tidyr     1.3.2
✔ purrr     1.2.2     
── Conflicts ────────────────────────────────────────── tidyverse_conflicts() ──
✖ tidyr::extract() masks rstan::extract()
✖ dplyr::filter()  masks stats::filter()
✖ dplyr::lag()     masks stats::lag()
ℹ Use the conflicted package (<http://conflicted.r-lib.org/>) to force all conflicts to become errors
Inicio del ajuste: 2026-08-13 11:45:19 
starting worker pid=11568 on localhost:11502 at 11:47:14.923
starting worker pid=11388 on localhost:11502 at 11:47:15.104
starting worker pid=10736 on localhost:11502 at 11:47:15.275
starting worker pid=8532 on localhost:11502 at 11:47:15.441

SAMPLING FOR MODEL 'anon_model' NOW (CHAIN 1).

SAMPLING FOR MODEL 'anon_model' NOW (CHAIN 2).
Chain 1: 
Chain 1: Gradient evaluation took 0.000264 seconds
Chain 1: 1000 transitions using 10 leapfrog steps per transition would take 2.64 seconds.
Chain 1: Adjust your expectations accordingly!
Chain 1: 
Chain 1: 
Chain 1: Iteration:    1 / 2000 [  0%]  (Warmup)
Chain 2: 
Chain 2: Gradient evaluation took 0.000343 seconds
Chain 2: 1000 transitions using 10 leapfrog steps per transition would take 3.43 seconds.
Chain 2: Adjust your expectations accordingly!
Chain 2: 
Chain 2: 
Chain 2: Iteration:    1 / 2000 [  0%]  (Warmup)

SAMPLING FOR MODEL 'anon_model' NOW (CHAIN 3).
Chain 3: 
Chain 3: Gradient evaluation took 0.000281 seconds
Chain 3: 1000 transitions using 10 leapfrog steps per transition would take 2.81 seconds.
Chain 3: Adjust your expectations accordingly!
Chain 3: 
Chain 3: 
Chain 3: Iteration:    1 / 2000 [  0%]  (Warmup)

SAMPLING FOR MODEL 'anon_model' NOW (CHAIN 4).
Chain 1: Iteration:  200 / 2000 [ 10%]  (Warmup)
Chain 2: Iteration:  200 / 2000 [ 10%]  (Warmup)
Chain 4: 
Chain 4: Gradient evaluation took 0.000277 seconds
Chain 4: 1000 transitions using 10 leapfrog steps per transition would take 2.77 seconds.
Chain 4: Adjust your expectations accordingly!
Chain 4: 
Chain 4: 
Chain 4: Iteration:    1 / 2000 [  0%]  (Warmup)
Chain 3: Iteration:  200 / 2000 [ 10%]  (Warmup)
Chain 1: Iteration:  400 / 2000 [ 20%]  (Warmup)
Chain 2: Iteration:  400 / 2000 [ 20%]  (Warmup)
Chain 4: Iteration:  200 / 2000 [ 10%]  (Warmup)
Chain 3: Iteration:  400 / 2000 [ 20%]  (Warmup)
Chain 1: Iteration:  600 / 2000 [ 30%]  (Warmup)
Chain 2: Iteration:  600 / 2000 [ 30%]  (Warmup)
Chain 4: Iteration:  400 / 2000 [ 20%]  (Warmup)
Chain 3: Iteration:  600 / 2000 [ 30%]  (Warmup)
Chain 1: Iteration:  800 / 2000 [ 40%]  (Warmup)
Chain 2: Iteration:  800 / 2000 [ 40%]  (Warmup)
Chain 3: Iteration:  800 / 2000 [ 40%]  (Warmup)
Chain 4: Iteration:  600 / 2000 [ 30%]  (Warmup)
Chain 1: Iteration: 1000 / 2000 [ 50%]  (Warmup)
Chain 2: Iteration: 1000 / 2000 [ 50%]  (Warmup)
Chain 3: Iteration: 1000 / 2000 [ 50%]  (Warmup)
Chain 1: Iteration: 1200 / 2000 [ 60%]  (Warmup)
Chain 4: Iteration:  800 / 2000 [ 40%]  (Warmup)
Chain 2: Iteration: 1200 / 2000 [ 60%]  (Warmup)
Chain 1: Iteration: 1400 / 2000 [ 70%]  (Warmup)
Chain 3: Iteration: 1200 / 2000 [ 60%]  (Warmup)
Chain 4: Iteration: 1000 / 2000 [ 50%]  (Warmup)
Chain 2: Iteration: 1400 / 2000 [ 70%]  (Warmup)
Chain 1: Iteration: 1501 / 2000 [ 75%]  (Sampling)
Chain 2: Iteration: 1501 / 2000 [ 75%]  (Sampling)
Chain 3: Iteration: 1400 / 2000 [ 70%]  (Warmup)
Chain 4: Iteration: 1200 / 2000 [ 60%]  (Warmup)
Chain 3: Iteration: 1501 / 2000 [ 75%]  (Sampling)
Chain 4: Iteration: 1400 / 2000 [ 70%]  (Warmup)
Chain 2: Iteration: 1700 / 2000 [ 85%]  (Sampling)
Chain 1: Iteration: 1700 / 2000 [ 85%]  (Sampling)
Chain 4: Iteration: 1501 / 2000 [ 75%]  (Sampling)
Chain 3: Iteration: 1700 / 2000 [ 85%]  (Sampling)
Chain 2: Iteration: 1900 / 2000 [ 95%]  (Sampling)
Chain 2: Iteration: 2000 / 2000 [100%]  (Sampling)
Chain 2: 
Chain 2:  Elapsed Time: 10.61 seconds (Warm-up)
Chain 2:                3.621 seconds (Sampling)
Chain 2:                14.231 seconds (Total)
Chain 2: 
Chain 1: Iteration: 1900 / 2000 [ 95%]  (Sampling)
Chain 4: Iteration: 1700 / 2000 [ 85%]  (Sampling)
Chain 1: Iteration: 2000 / 2000 [100%]  (Sampling)
Chain 1: 
Chain 1:  Elapsed Time: 10.405 seconds (Warm-up)
Chain 1:                5.231 seconds (Sampling)
Chain 1:                15.636 seconds (Total)
Chain 1: 
Chain 3: Iteration: 1900 / 2000 [ 95%]  (Sampling)
Chain 3: Iteration: 2000 / 2000 [100%]  (Sampling)
Chain 3: 
Chain 3:  Elapsed Time: 10.484 seconds (Warm-up)
Chain 3:                5.24 seconds (Sampling)
Chain 3:                15.724 seconds (Total)
Chain 3: 
Chain 4: Iteration: 1900 / 2000 [ 95%]  (Sampling)
Chain 4: Iteration: 2000 / 2000 [100%]  (Sampling)
Chain 4: 
Chain 4:  Elapsed Time: 10.629 seconds (Warm-up)
Chain 4:                5.206 seconds (Sampling)
Chain 4:                15.835 seconds (Total)
Chain 4: 
Fin del ajuste: 2026-08-13 11:47:54  ( 2.6 min )
Aviso:

380 (64.6%) p_waic estimates greater than 0.4. We recommend trying loo instead. 
Aviso:
Some Pareto k diagnostic values are too high. See help('pareto-k-diagnostic') for details.
 

Computed from 2000 by 588 log-likelihood matrix.

          Estimate   SE
elpd_waic  -2554.7 17.2
p_waic       288.2  9.3
waic        5109.3 34.5

380 (64.6%) p_waic estimates greater than 0.4. We recommend trying loo instead. 

Computed from 2000 by 588 log-likelihood matrix.

         Estimate   SE
elpd_loo  -2679.3 19.8
p_loo       412.9 12.0
looic      5358.7 39.7
------
MCSE of elpd_loo is NA.
MCSE and ESS estimates assume independent draws (r_eff=1).

Pareto k diagnostic values:
                         Count Pct.    Min. ESS
(-Inf, 0.7]   (good)     181   30.8%   93      
   (0.7, 1]   (bad)      325   55.3%   <NA>    
   (1, Inf)   (very bad)  82   13.9%   <NA>    
See help('pareto-k-diagnostic') for details.
Listo. Resultados en Data/rutinas/07_loo_waic/Output/
