Rscript.exe : Cargando paquete requerido: StanHeaders
En línea: 2 Carácter: 1
+ & "C:\Program Files\R\R-4.5.3\bin\Rscript.exe" "Data/rutinas/07_loo_w ...
+ ~~~~~~~~~~~~~~~~~~~~~~~~~~~~~~~~~~~~~~~~~~~~~~~~~~~~~~~~~~~~~~~~~~~~~
    + CategoryInfo          : NotSpecified: (Cargando paquete requerido: StanHeaders:String) [], RemoteException
    + FullyQualifiedErrorId : NativeCommandError
 

rstan version 2.32.7 (Stan version 2.32.2)

For execution on a local, multicore CPU with excess RAM we recommend calling
options(mc.cores = parallel::detectCores()).
To avoid recompilation of unchanged Stan programs, we recommend calling
rstan_options(auto_write = TRUE)
For within-chain threading using `reduce_sum()` or `map_rect()` Stan functions,
change `threads_per_chain` option:
rstan_options(threads_per_chain = 1)

Do not specify '-march=native' in 'LOCAL_CPPFLAGS' or a Makevars file
This is bayesplot version 1.12.0
- Online documentation and vignettes at mc-stan.org/bayesplot
- bayesplot theme set to bayesplot::theme_default()
   * Does _not_ affect other ggplot2 plots
   * See ?bayesplot_theme_set for details on theme setting
── Attaching core tidyverse packages ──────────────────────── tidyverse 2.0.0 ──
✔ dplyr     1.2.1     ✔ readr     2.1.5
✔ forcats   1.0.0     ✔ stringr   1.6.0
✔ ggplot2   3.5.2     ✔ tibble    3.3.1
✔ lubridate 1.9.4     ✔ tidyr     1.3.2
✔ purrr     1.2.2     
── Conflicts ────────────────────────────────────────── tidyverse_conflicts() ──
✖ tidyr::extract() masks rstan::extract()
✖ dplyr::filter()  masks stats::filter()
✖ dplyr::lag()     masks stats::lag()
ℹ Use the conflicted package (<http://conflicted.r-lib.org/>) to force all conflicts to become errors
Inicio del ajuste: 2026-08-13 12:51:14 
starting worker pid=13724 on localhost:11415 at 12:51:16.120
starting worker pid=13428 on localhost:11415 at 12:51:16.311
starting worker pid=9076 on localhost:11415 at 12:51:16.510
starting worker pid=7248 on localhost:11415 at 12:51:16.703

SAMPLING FOR MODEL 'anon_model' NOW (CHAIN 1).
Chain 1: 
Chain 1: Gradient evaluation took 0.000312 seconds
Chain 1: 1000 transitions using 10 leapfrog steps per transition would take 3.12 seconds.
Chain 1: Adjust your expectations accordingly!
Chain 1: 
Chain 1: 
Chain 1: Iteration:    1 / 2000 [  0%]  (Warmup)

SAMPLING FOR MODEL 'anon_model' NOW (CHAIN 2).
Chain 2: 
Chain 2: Gradient evaluation took 0.000356 seconds
Chain 2: 1000 transitions using 10 leapfrog steps per transition would take 3.56 seconds.
Chain 2: Adjust your expectations accordingly!
Chain 2: 
Chain 2: 
Chain 2: Iteration:    1 / 2000 [  0%]  (Warmup)
Chain 1: Iteration:  200 / 2000 [ 10%]  (Warmup)

SAMPLING FOR MODEL 'anon_model' NOW (CHAIN 3).
Chain 3: 
Chain 3: Gradient evaluation took 0.000315 seconds
Chain 3: 1000 transitions using 10 leapfrog steps per transition would take 3.15 seconds.
Chain 3: Adjust your expectations accordingly!
Chain 3: 
Chain 3: 
Chain 3: Iteration:    1 / 2000 [  0%]  (Warmup)

SAMPLING FOR MODEL 'anon_model' NOW (CHAIN 4).
Chain 4: 
Chain 4: Gradient evaluation took 0.000398 seconds
Chain 4: 1000 transitions using 10 leapfrog steps per transition would take 3.98 seconds.
Chain 4: Adjust your expectations accordingly!
Chain 4: 
Chain 4: 
Chain 4: Iteration:    1 / 2000 [  0%]  (Warmup)
Chain 2: Iteration:  200 / 2000 [ 10%]  (Warmup)
Chain 1: Iteration:  400 / 2000 [ 20%]  (Warmup)
Chain 3: Iteration:  200 / 2000 [ 10%]  (Warmup)
Chain 2: Iteration:  400 / 2000 [ 20%]  (Warmup)
Chain 4: Iteration:  200 / 2000 [ 10%]  (Warmup)
Chain 1: Iteration:  600 / 2000 [ 30%]  (Warmup)
Chain 3: Iteration:  400 / 2000 [ 20%]  (Warmup)
Chain 1: Iteration:  800 / 2000 [ 40%]  (Warmup)
Chain 2: Iteration:  600 / 2000 [ 30%]  (Warmup)
Chain 4: Iteration:  400 / 2000 [ 20%]  (Warmup)
Chain 1: Iteration: 1000 / 2000 [ 50%]  (Warmup)
Chain 2: Iteration:  800 / 2000 [ 40%]  (Warmup)
Chain 3: Iteration:  600 / 2000 [ 30%]  (Warmup)
Chain 4: Iteration:  600 / 2000 [ 30%]  (Warmup)
Chain 1: Iteration: 1200 / 2000 [ 60%]  (Warmup)
Chain 2: Iteration: 1000 / 2000 [ 50%]  (Warmup)
Chain 3: Iteration:  800 / 2000 [ 40%]  (Warmup)
Chain 4: Iteration:  800 / 2000 [ 40%]  (Warmup)
Chain 1: Iteration: 1400 / 2000 [ 70%]  (Warmup)
Chain 2: Iteration: 1200 / 2000 [ 60%]  (Warmup)
Chain 3: Iteration: 1000 / 2000 [ 50%]  (Warmup)
Chain 1: Iteration: 1501 / 2000 [ 75%]  (Sampling)
Chain 4: Iteration: 1000 / 2000 [ 50%]  (Warmup)
Chain 2: Iteration: 1400 / 2000 [ 70%]  (Warmup)
Chain 3: Iteration: 1200 / 2000 [ 60%]  (Warmup)
Chain 4: Iteration: 1200 / 2000 [ 60%]  (Warmup)
Chain 2: Iteration: 1501 / 2000 [ 75%]  (Sampling)
Chain 1: Iteration: 1700 / 2000 [ 85%]  (Sampling)
Chain 3: Iteration: 1400 / 2000 [ 70%]  (Warmup)
Chain 4: Iteration: 1400 / 2000 [ 70%]  (Warmup)
Chain 3: Iteration: 1501 / 2000 [ 75%]  (Sampling)
Chain 1: Iteration: 1900 / 2000 [ 95%]  (Sampling)
Chain 4: Iteration: 1501 / 2000 [ 75%]  (Sampling)
Chain 2: Iteration: 1700 / 2000 [ 85%]  (Sampling)
Chain 1: Iteration: 2000 / 2000 [100%]  (Sampling)
Chain 1: 
Chain 1:  Elapsed Time: 10.484 seconds (Warm-up)
Chain 1:                3.993 seconds (Sampling)
Chain 1:                14.477 seconds (Total)
Chain 1: 
Chain 3: Iteration: 1700 / 2000 [ 85%]  (Sampling)
Chain 4: Iteration: 1700 / 2000 [ 85%]  (Sampling)
Chain 2: Iteration: 1900 / 2000 [ 95%]  (Sampling)
Chain 2: Iteration: 2000 / 2000 [100%]  (Sampling)
Chain 2: 
Chain 2:  Elapsed Time: 10.98 seconds (Warm-up)
Chain 2:                5.354 seconds (Sampling)
Chain 2:                16.334 seconds (Total)
Chain 2: 
Chain 3: Iteration: 1900 / 2000 [ 95%]  (Sampling)
Chain 4: Iteration: 1900 / 2000 [ 95%]  (Sampling)
Chain 3: Iteration: 2000 / 2000 [100%]  (Sampling)
Chain 3: 
Chain 3:  Elapsed Time: 10.513 seconds (Warm-up)
Chain 3:                5.349 seconds (Sampling)
Chain 3:                15.862 seconds (Total)
Chain 3: 
Chain 4: Iteration: 2000 / 2000 [100%]  (Sampling)
Chain 4: 
Chain 4:  Elapsed Time: 10.852 seconds (Warm-up)
Chain 4:                5.366 seconds (Sampling)
Chain 4:                16.218 seconds (Total)
Chain 4: 
Fin del ajuste: 2026-08-13 12:52:00  ( 0.8 min )
Listo. Figura en images/cap_07/05_ppc_loglik.png
